============================================================
Brown Course Catalog Scraper - Test Run
============================================================

This will scrape only the first 5 courses as a test.

Starting Brown Course Catalog Scraper...
Loading Brown course catalog...
Waiting for course list to load...
Course list loaded successfully!
Found 1647 courses to scrape
Limiting to 5 courses

Scraping complete! Total courses scraped: 5
Cleanup complete

============================================================
Test Results
============================================================

Total courses in database: 5


Course 1:
  Code: AFRI 0370
  Name: African American Novels of the 1970s
  Department: AFRI
  Times: M 3-5:30p
  Instructor: M. Ajibade
  Section: Section Number:
S01
  CRN: 26343
  Max Enrollment: 40
  Seats Available: 16

Course 2:
  Code: AFRI 0411
  Name: Reading Revolt: Blackness, Politics, and Morality
  Department: AFRI
  Times: T 4-6:30p
  Instructor: M. Thompson
  Section: Section Number:
S01
  CRN: 27488
  Max Enrollment: 18
  Seats Available: 7

Course 3:
  Code: AFRI 0510
  Name: Love Stories in African Literature and Film
  Department: AFRI
  Times: TTh 2:30-3:50p
  Instructor: M. Ajibade
  Section: Section Number:
S01
  CRN: 26354
  Max Enrollment: 18
  Seats Available: 0

Course 4:
  Code: AFRI 0551
  Name: Bodies, Race, and Resistance: Africana Perspectives on Health Inequality
  Department: AFRI
  Times: TTh 10:30-11:50a
  Instructor: K. Gallon
  Section: Section Number:
S01
  CRN: 27390
  Max Enrollment: 18
  Seats Available: 5

Course 5:
  Code: AFRI 0610
  Name: Black Student Protest from Jim Crow to the Present
  Department: AFRI
  Times: TTh 9-10:20a
  Instructor: M. Guterl
  Section: Section Number:
S01
  CRN: 26277
  Max Enrollment: 15
  Seats Available: 6

============================================================
Test complete! If the data looks correct, you can run
the full scraper with: python scraper.py
============================================================
